2025-11-21 02:05:26,498 [INFO] autogate.pipeline: Logging configured. File: out\logs\autogate-20251121-020526.log
2025-11-21 02:05:26,499 [INFO] autogate.cli: Using configuration: {
  "io": {
    "train_fcs_dir": "./data/train",
    "train_gates_csv": "./data/gates.csv",
    "target_fcs_dir": "./data/target",
    "out_dir": "./out/gates",
    "labels_dir": null,
    "plots_dir": null,
    "eval_truth_csv": "./data/truth_labels"
  },
  "panel": {
    "channels": [
      "CD34 ECD-A",
      "CD117 PE-A",
      "SSC-A",
      "CD45 APC-A750-A"
    ],
    "transform": "asinh",
    "compensation": "auto"
  },
  "imaging": {
    "bins": 256,
    "smooth_sigma": 1.0
  },
  "registration": {
    "grid_spacing": 32,
    "levels": 3,
    "iterations": 200
  },
  "selection": {
    "metric": "l2"
  }
}
2025-11-21 02:05:26,502 [INFO] autogate.pipeline: Loading training data data\train\001.fcs
2025-11-21 02:05:26,502 [INFO] autogate.io_fcs: Reading FCS data from data\train\001.fcs
2025-11-21 02:05:26,508 [WARNING] autogate.io_fcs: Spillover matrix missing channels: CD34 ECD-A, CD117 PE-A, SSC-A, CD45 APC-A750-A
2025-11-21 02:05:26,509 [INFO] autogate.io_fcs: No compensation applied to 001.fcs
2025-11-21 02:05:26,524 [INFO] autogate.pipeline: Loading training data data\train\002.fcs
2025-11-21 02:05:26,524 [INFO] autogate.io_fcs: Reading FCS data from data\train\002.fcs
2025-11-21 02:05:26,529 [WARNING] autogate.io_fcs: Spillover matrix missing channels: CD34 ECD-A, CD117 PE-A, SSC-A, CD45 APC-A750-A
2025-11-21 02:05:26,529 [INFO] autogate.io_fcs: No compensation applied to 002.fcs
2025-11-21 02:05:26,544 [INFO] autogate.pipeline: Processing target file 003.fcs
2025-11-21 02:05:26,544 [INFO] autogate.io_fcs: Reading FCS data from data\target\003.fcs
2025-11-21 02:05:26,554 [WARNING] autogate.io_fcs: Spillover matrix missing channels: CD34 ECD-A, CD117 PE-A, SSC-A, CD45 APC-A750-A
2025-11-21 02:05:26,554 [INFO] autogate.io_fcs: No compensation applied to 003.fcs
2025-11-21 02:05:26,574 [INFO] autogate.selector: Selected training sample 002 with L2 distance 1.4142
2025-11-21 02:05:26,574 [INFO] autogate.register: Starting B-spline registration: levels=3 iterations=200 grid=32
2025-11-21 02:05:26,890 [INFO] autogate.register: Registration completed with final metric 0.000031
2025-11-21 02:05:26,890 [INFO] autogate.selector: Selected training sample 002 with L2 distance 2.6458
2025-11-21 02:05:26,890 [INFO] autogate.register: Starting B-spline registration: levels=3 iterations=200 grid=32
2025-11-21 02:05:26,965 [INFO] autogate.register: Registration completed with final metric 0.000002
2025-11-21 02:05:26,965 [INFO] autogate.selector: Selected training sample 002 with L2 distance 2.0000
2025-11-21 02:05:26,965 [INFO] autogate.register: Starting B-spline registration: levels=3 iterations=200 grid=32
2025-11-21 02:05:27,285 [INFO] autogate.register: Registration completed with final metric 0.000026
2025-11-21 02:05:27,474 [INFO] autogate.pipeline: Assigned populations for 003.fcs: 0 labeled events (of 147269)
2025-11-21 02:05:31,676 [INFO] autogate.pipeline: Completed 003.fcs in 5.13 seconds with 7 gates
2025-11-21 02:05:31,676 [INFO] autogate.pipeline: Processing target file 006.fcs
2025-11-21 02:05:31,677 [INFO] autogate.io_fcs: Reading FCS data from data\target\006.fcs
2025-11-21 02:05:31,680 [WARNING] autogate.io_fcs: Spillover matrix missing channels: CD34 ECD-A, CD117 PE-A, SSC-A, CD45 APC-A750-A
2025-11-21 02:05:31,680 [INFO] autogate.io_fcs: No compensation applied to 006.fcs
2025-11-21 02:05:31,695 [INFO] autogate.selector: Selected training sample 002 with L2 distance 19.5192
2025-11-21 02:05:31,695 [INFO] autogate.register: Starting B-spline registration: levels=3 iterations=200 grid=32
2025-11-21 02:05:32,990 [INFO] autogate.register: Registration completed with final metric 0.000741
2025-11-21 02:05:32,990 [INFO] autogate.selector: Selected training sample 002 with L2 distance 22.6936
2025-11-21 02:05:32,990 [INFO] autogate.register: Starting B-spline registration: levels=3 iterations=200 grid=32
2025-11-21 02:05:34,149 [INFO] autogate.register: Registration completed with final metric 0.000119
2025-11-21 02:05:34,149 [INFO] autogate.selector: Selected training sample 002 with L2 distance 21.0476
2025-11-21 02:05:34,149 [INFO] autogate.register: Starting B-spline registration: levels=3 iterations=200 grid=32
2025-11-21 02:05:35,917 [INFO] autogate.register: Registration completed with final metric 0.000247
2025-11-21 02:05:36,002 [INFO] autogate.pipeline: Assigned populations for 006.fcs: 0 labeled events (of 61400)
2025-11-21 02:05:38,074 [INFO] autogate.pipeline: Completed 006.fcs in 6.40 seconds with 7 gates
2025-11-21 02:05:38,074 [INFO] autogate.cli: Run summary: {
  "targets": [
    {
      "file": "003.fcs",
      "gates": 7,
      "duration": 5.13139009475708,
      "gate_file": "out\\gates\\003_gates.csv",
      "labels_file": "out\\gates\\event_labels\\003_labels.csv"
    },
    {
      "file": "006.fcs",
      "gates": 7,
      "duration": 6.398500204086304,
      "gate_file": "out\\gates\\006_gates.csv",
      "labels_file": "out\\gates\\event_labels\\006_labels.csv"
    }
  ],
  "selections": [
    {
      "target": "003.fcs",
      "plot": "CD117 PE-A__CD45 APC-A750-A",
      "training_id": "002",
      "distance": 1.4142135381698608
    },
    {
      "target": "003.fcs",
      "plot": "CD34 ECD-A__CD45 APC-A750-A",
      "training_id": "002",
      "distance": 2.6457512378692627
    },
    {
      "target": "003.fcs",
      "plot": "SSC-A__CD45 APC-A750-A",
      "training_id": "002",
      "distance": 2.0
    },
    {
      "target": "006.fcs",
      "plot": "CD117 PE-A__CD45 APC-A750-A",
      "training_id": "002",
      "distance": 19.51922035217285
    },
    {
      "target": "006.fcs",
      "plot": "CD34 ECD-A__CD45 APC-A750-A",
      "training_id": "002",
      "distance": 22.69361114501953
    },
    {
      "target": "006.fcs",
      "plot": "SSC-A__CD45 APC-A750-A",
      "training_id": "002",
      "distance": 21.047565460205078
    }
  ]
}
