2025-11-21 02:00:43,734 [INFO] autogate.pipeline: Logging configured. File: out\logs\autogate-20251121-020043.log
2025-11-21 02:00:43,734 [INFO] autogate.cli: Using configuration: {
  "io": {
    "train_fcs_dir": "./CSV/train",
    "train_gates_csv": "./data/train/gates.csv",
    "target_fcs_dir": "./data/target",
    "out_dir": "./out/gates",
    "labels_dir": null,
    "plots_dir": null,
    "eval_truth_csv": "./data/truth_labels"
  },
  "panel": {
    "channels": [
      "CD34 ECD-A",
      "CD117 PE-A",
      "SSC-A",
      "CD45 APC-A750-A"
    ],
    "transform": "asinh",
    "compensation": "auto"
  },
  "imaging": {
    "bins": 256,
    "smooth_sigma": 1.0
  },
  "registration": {
    "grid_spacing": 32,
    "levels": 3,
    "iterations": 200
  },
  "selection": {
    "metric": "l2"
  }
}
